{
  "public.sale":[
    {
      "id": 1,
      "shopId": 1,
      "shopName": "Veselki",
      "address": "Kolotilova, d.38, kv.27"
    },
    {
      "id": 2,
      "shopId": 2,
      "shopName": "BubbleIse",
      "address": "Koptilova, d.25, kv.50"
    },
    {
      "id": 3,
      "shopId": 3,
      "shopName": "Pyaterochka",
      "address": "Mayakovskogo, d.38, kv.27"
    },
    {
      "id": 4,
      "shopId": 4,
      "shopName": "Prototype",
      "address": "Kostrova, d.38, kv.27"
    }
    ]
}